<html>
<body>
<pre>
<h1>µVision Build Log</h1>
<h2>Tool Versions:</h2>
IDE-Version: µVision V5.29.0.0
Copyright (C) 2019 ARM Ltd and ARM Germany GmbH. All rights reserved.
License Information: Jose Jaime, University of Washington, LIC=----
 
Tool Versions:
Toolchain:       MDK-Lite  Version: 5.29.0.0
Toolchain Path:  C:\Keil_v5\ARM\ARMCC\Bin
C Compiler:      Armcc.exe V5.06 update 6 (build 750)
Assembler:       Armasm.exe V5.06 update 6 (build 750)
Linker/Locator:  ArmLink.exe V5.06 update 6 (build 750)
Library Manager: ArmAr.exe V5.06 update 6 (build 750)
Hex Converter:   FromElf.exe V5.06 update 6 (build 750)
CPU DLL:         SARMCM3.DLL V5.29.0.0
Dialog DLL:      DCM.DLL V1.17.3.0
Target DLL:      STLink\ST-LINKIII-KEIL_SWO.dll V3.0.7.0
Dialog DLL:      TCM.DLL V1.36.5.0
 
<h2>Project:</h2>
C:\Users\jose3\Documents\EE475-EmbeddedCapstone\stm32f407-freertos-pulseox VERSIONS\stm32f407-qpc-pulseox-V5\ST-Discovery-Wifi\Project\WiFi_Demo_V2.2_20130620\MDK-ARM\DiscoverWIFI.uvproj
Project File Date:  05/20/2020

<h2>Output:</h2>
*** Using Compiler 'V5.06 update 6 (build 750)', folder: 'C:\Keil_v5\ARM\ARMCC\Bin'
Rebuild target 'STM32F4-Discovery'
compiling algorithm_by_RF.c...
compiling main.c...
..\User\main.c(85): warning:  #68-D: integer conversion resulted in a change of sign
  char sockConnected = -1;
..\User\main.c(86): warning:  #68-D: integer conversion resulted in a change of sign
  char sockClosed = -1;
..\User\main.c: 2 warnings, 0 errors
compiling misc.c...
compiling sn8200_hal.c...
compiling bsp.c...
compiling sn8200_api.c...
..\SN8200\sn8200_api.c(806): warning:  #550-D: variable "sentsize"  was set but never used
          int32u sentsize;
..\SN8200\sn8200_api.c(853): warning:  #177-D: variable "listen_sock"  was declared but never referenced
          int8u listen_sock = buf[2];
..\SN8200\sn8200_api.c: 2 warnings, 0 errors
compiling stm32f4xx_usart.c...
compiling stm32f4xx_gpio.c...
compiling stm32f4xx_rcc.c...
compiling sn8200_core.c...
compiling max30102.c...
assembling startup_stm32f40xx.s...
compiling qf_act.c...
compiling qep_msm.c...
compiling qep_hsm.c...
compiling stm32f4xx_i2c.c...
compiling qf_defer.c...
compiling qf_actq.c...
compiling qf_dyn.c...
compiling stm32f4xx_exti.c...
compiling qf_mem.c...
compiling qf_ps.c...
compiling qf_qact.c...
compiling qf_qmact.c...
compiling qf_qeq.c...
compiling qf_time.c...
compiling qxk_mutex.c...
compiling system_stm32f4xx.c...
compiling qxk.c...
compiling stm32f4xx_syscfg.c...
compiling qxk_sema.c...
compiling qxk_xthr.c...
compiling qxk_port.c...
linking...
Program Size: Code=31212 RO-data=1036 RW-data=304 ZI-data=112376  
FromELF: creating hex file...
".\Output\DiscoverWIFI.axf" - 0 Error(s), 4 Warning(s).
Build Time Elapsed:  00:00:02
</pre>
</body>
</html>
